\BOOKMARK [0][-]{chapter.1}{\376\377\000I\000n\000t\000r\000o\000d\000u\000c\000c\000i\000\363\000n\000\040\000a\000\040\000B\000a\000s\000e\000s\000\040\000d\000e\000\040\000D\000a\000t\000o\000s}{}% 1
\BOOKMARK [1][-]{section.1.1}{\376\377\000\277\000Q\000u\000\351\000\040\000e\000s\000\040\000u\000n\000a\000\040\000b\000a\000s\000e\000\040\000d\000e\000\040\000d\000a\000t\000o\000s\000?}{chapter.1}% 2
\BOOKMARK [1][-]{section.1.2}{\376\377\000T\000i\000p\000o\000s\000\040\000d\000e\000\040\000b\000a\000s\000e\000s\000\040\000d\000e\000\040\000d\000a\000t\000o\000s}{chapter.1}% 3
\BOOKMARK [1][-]{section.1.3}{\376\377\000D\000B\000M\000S\000\040\000v\000s\000\040\000a\000r\000c\000h\000i\000v\000o\000\040\000p\000l\000a\000n\000o}{chapter.1}% 4
\BOOKMARK [0][-]{chapter.2}{\376\377\000M\000o\000d\000e\000l\000o\000\040\000R\000e\000l\000a\000c\000i\000o\000n\000a\000l}{}% 5
\BOOKMARK [1][-]{section.2.1}{\376\377\000C\000o\000n\000c\000e\000p\000t\000o\000s\000\040\000f\000u\000n\000d\000a\000m\000e\000n\000t\000a\000l\000e\000s}{chapter.2}% 6
\BOOKMARK [1][-]{section.2.2}{\376\377\000L\000l\000a\000v\000e\000s}{chapter.2}% 7
\BOOKMARK [1][-]{section.2.3}{\376\377\000I\000n\000t\000e\000g\000r\000i\000d\000a\000d\000\040\000r\000e\000f\000e\000r\000e\000n\000c\000i\000a\000l}{chapter.2}% 8
\BOOKMARK [0][-]{chapter.3}{\376\377\000S\000Q\000L\000\040\000F\000u\000n\000d\000a\000m\000e\000n\000t\000o\000s}{}% 9
\BOOKMARK [1][-]{section.3.1}{\376\377\000S\000u\000b\000l\000a\000n\000g\000u\000a\000g\000e\000s\000\040\000S\000Q\000L}{chapter.3}% 10
\BOOKMARK [1][-]{section.3.2}{\376\377\000D\000D\000L\000\040\040\024\000\040\000d\000e\000f\000i\000n\000i\000r\000\040\000e\000s\000t\000r\000u\000c\000t\000u\000r\000a}{chapter.3}% 11
\BOOKMARK [1][-]{section.3.3}{\376\377\000D\000M\000L\000\040\000+\000\040\000D\000Q\000L\000\040\040\024\000\040\000m\000a\000n\000i\000p\000u\000l\000a\000r\000\040\000y\000\040\000c\000o\000n\000s\000u\000l\000t\000a\000r}{chapter.3}% 12
\BOOKMARK [0][-]{chapter.4}{\376\377\000S\000Q\000L\000\040\000A\000v\000a\000n\000z\000a\000d\000o}{}% 13
\BOOKMARK [1][-]{section.4.1}{\376\377\000C\000T\000E\000s\000\040\000\050\000C\000o\000m\000m\000o\000n\000\040\000T\000a\000b\000l\000e\000\040\000E\000x\000p\000r\000e\000s\000s\000i\000o\000n\000s\000\051}{chapter.4}% 14
\BOOKMARK [1][-]{section.4.2}{\376\377\000W\000i\000n\000d\000o\000w\000\040\000F\000u\000n\000c\000t\000i\000o\000n\000s}{chapter.4}% 15
\BOOKMARK [1][-]{section.4.3}{\376\377\000E\000X\000P\000L\000A\000I\000N\000\040\000A\000N\000A\000L\000Y\000Z\000E}{chapter.4}% 16
\BOOKMARK [0][-]{chapter.5}{\376\377\000M\000o\000d\000e\000l\000a\000d\000o\000\040\000U\000M\000L\000\040\000y\000\040\000D\000i\000a\000g\000r\000a\000m\000a\000s\000\040\000E\000R}{}% 17
\BOOKMARK [1][-]{section.5.1}{\376\377\000D\000i\000a\000g\000r\000a\000m\000a\000\040\000E\000n\000t\000i\000d\000a\000d\000-\000R\000e\000l\000a\000c\000i\000\363\000n\000\040\000\050\000E\000R\000\051}{chapter.5}% 18
\BOOKMARK [1][-]{section.5.2}{\376\377\000N\000o\000t\000a\000c\000i\000o\000n\000e\000s}{chapter.5}% 19
\BOOKMARK [1][-]{section.5.3}{\376\377\000C\000a\000r\000d\000i\000n\000a\000l\000i\000d\000a\000d\000\040\000e\000n\000\040\000C\000r\000o\000w\000'\000s\000\040\000F\000o\000o\000t}{chapter.5}% 20
\BOOKMARK [0][-]{chapter.6}{\376\377\000N\000o\000r\000m\000a\000l\000i\000z\000a\000c\000i\000\363\000n}{}% 21
\BOOKMARK [1][-]{section.6.1}{\376\377\000\277\000P\000o\000r\000\040\000q\000u\000\351\000\040\000n\000o\000r\000m\000a\000l\000i\000z\000a\000r\000?}{chapter.6}% 22
\BOOKMARK [1][-]{section.6.2}{\376\377\000F\000o\000r\000m\000a\000s\000\040\000n\000o\000r\000m\000a\000l\000e\000s}{chapter.6}% 23
\BOOKMARK [1][-]{section.6.3}{\376\377\000D\000e\000p\000e\000n\000d\000e\000n\000c\000i\000a\000s\000\040\000f\000u\000n\000c\000i\000o\000n\000a\000l\000e\000s}{chapter.6}% 24
\BOOKMARK [0][-]{chapter.7}{\376\377\000\315\000n\000d\000i\000c\000e\000s}{}% 25
\BOOKMARK [1][-]{section.7.1}{\376\377\000\277\000Q\000u\000\351\000\040\000e\000s\000\040\000u\000n\000\040\000\355\000n\000d\000i\000c\000e\000?}{chapter.7}% 26
\BOOKMARK [1][-]{section.7.2}{\376\377\000T\000i\000p\000o\000s\000\040\000d\000e\000\040\000\355\000n\000d\000i\000c\000e\000s\000\040\000e\000n\000\040\000P\000o\000s\000t\000g\000r\000e\000S\000Q\000L}{chapter.7}% 27
\BOOKMARK [1][-]{section.7.3}{\376\377\000C\000u\000\341\000n\000d\000o\000\040\000c\000r\000e\000a\000r\000\040\000\050\000y\000\040\000n\000o\000\040\000c\000r\000e\000a\000r\000\051\000\040\000u\000n\000\040\000\355\000n\000d\000i\000c\000e}{chapter.7}% 28
\BOOKMARK [0][-]{chapter.8}{\376\377\000T\000r\000a\000n\000s\000a\000c\000c\000i\000o\000n\000e\000s\000\040\000y\000\040\000C\000o\000n\000t\000r\000o\000l\000\040\000d\000e\000\040\000C\000o\000n\000c\000u\000r\000r\000e\000n\000c\000i\000a}{}% 29
\BOOKMARK [1][-]{section.8.1}{\376\377\000A\000C\000I\000D}{chapter.8}% 30
\BOOKMARK [1][-]{section.8.2}{\376\377\000N\000i\000v\000e\000l\000e\000s\000\040\000d\000e\000\040\000a\000i\000s\000l\000a\000m\000i\000e\000n\000t\000o}{chapter.8}% 31
\BOOKMARK [1][-]{section.8.3}{\376\377\000L\000o\000c\000k\000s\000\040\000y\000\040\000D\000e\000a\000d\000l\000o\000c\000k\000s}{chapter.8}% 32
\BOOKMARK [0][-]{chapter.9}{\376\377\000P\000o\000s\000t\000g\000r\000e\000S\000Q\000L\000\040\040\024\000\040\000C\000a\000r\000a\000c\000t\000e\000r\000\355\000s\000t\000i\000c\000a\000s\000\040\000A\000v\000a\000n\000z\000a\000d\000a\000s}{}% 33
\BOOKMARK [1][-]{section.9.1}{\376\377\000P\000o\000r\000\040\000q\000u\000\351\000\040\000P\000o\000s\000t\000g\000r\000e\000S\000Q\000L}{chapter.9}% 34
\BOOKMARK [1][-]{section.9.2}{\376\377\000J\000S\000O\000N\000B}{chapter.9}% 35
\BOOKMARK [1][-]{section.9.3}{\376\377\000V\000A\000C\000U\000U\000M\000\040\000y\000\040\000m\000a\000n\000t\000e\000n\000i\000m\000i\000e\000n\000t\000o}{chapter.9}% 36
\BOOKMARK [0][-]{chapter.10}{\376\377\000M\000y\000S\000Q\000L\000\040\000/\000\040\000M\000a\000r\000i\000a\000D\000B}{}% 37
\BOOKMARK [1][-]{section.10.1}{\376\377\000I\000n\000n\000o\000D\000B\000\040\000v\000s\000\040\000M\000y\000I\000S\000A\000M}{chapter.10}% 38
\BOOKMARK [1][-]{section.10.2}{\376\377\000D\000i\000f\000e\000r\000e\000n\000c\000i\000a\000s\000\040\000c\000l\000a\000v\000e\000\040\000c\000o\000n\000\040\000P\000o\000s\000t\000g\000r\000e\000S\000Q\000L}{chapter.10}% 39
\BOOKMARK [1][-]{section.10.3}{\376\377\000P\000a\000r\000t\000i\000c\000i\000o\000n\000a\000m\000i\000e\000n\000t\000o}{chapter.10}% 40
\BOOKMARK [0][-]{chapter.11}{\376\377\000B\000a\000s\000e\000s\000\040\000d\000e\000\040\000D\000a\000t\000o\000s\000\040\000N\000o\000S\000Q\000L}{}% 41
\BOOKMARK [1][-]{section.11.1}{\376\377\000\277\000C\000u\000\341\000n\000d\000o\000\040\000N\000o\000S\000Q\000L\000?}{chapter.11}% 42
\BOOKMARK [1][-]{section.11.2}{\376\377\000T\000i\000p\000o\000s\000\040\000y\000\040\000c\000u\000\341\000n\000d\000o\000\040\000u\000s\000a\000r\000\040\000c\000a\000d\000a\000\040\000u\000n\000o}{chapter.11}% 43
\BOOKMARK [1][-]{section.11.3}{\376\377\000T\000e\000o\000r\000e\000m\000a\000\040\000C\000A\000P}{chapter.11}% 44
\BOOKMARK [0][-]{chapter.12}{\376\377\000D\000i\000s\000e\000\361\000o\000\040\000d\000e\000\040\000B\000a\000s\000e\000\040\000d\000e\000\040\000D\000a\000t\000o\000s\000\040\040\024\000\040\000C\000a\000s\000o\000\040\000P\000r\000\341\000c\000t\000i\000c\000o}{}% 45
\BOOKMARK [1][-]{section.12.1}{\376\377\000P\000r\000o\000c\000e\000s\000o\000\040\000d\000e\000\040\000d\000i\000s\000e\000\361\000o}{chapter.12}% 46
\BOOKMARK [1][-]{section.12.2}{\376\377\000C\000a\000s\000o\000:\000\040\000S\000i\000s\000t\000e\000m\000a\000\040\000d\000e\000\040\000B\000i\000b\000l\000i\000o\000t\000e\000c\000a}{chapter.12}% 47
\BOOKMARK [0][-]{chapter.13}{\376\377\000A\000d\000m\000i\000n\000i\000s\000t\000r\000a\000c\000i\000\363\000n\000\040\000d\000e\000\040\000B\000a\000s\000e\000s\000\040\000d\000e\000\040\000D\000a\000t\000o\000s}{}% 48
\BOOKMARK [1][-]{section.13.1}{\376\377\000B\000a\000c\000k\000u\000p\000s}{chapter.13}% 49
\BOOKMARK [1][-]{section.13.2}{\376\377\000U\000s\000u\000a\000r\000i\000o\000s\000,\000\040\000r\000o\000l\000e\000s\000\040\000y\000\040\000p\000e\000r\000m\000i\000s\000o\000s}{chapter.13}% 50
\BOOKMARK [1][-]{section.13.3}{\376\377\000M\000o\000n\000i\000t\000o\000r\000e\000o\000\040\000b\000\341\000s\000i\000c\000o}{chapter.13}% 51
\BOOKMARK [0][-]{chapter.14}{\376\377\000P\000r\000e\000g\000u\000n\000t\000a\000s\000\040\000d\000e\000\040\000E\000n\000t\000r\000e\000v\000i\000s\000t\000a\000\040\000D\000B\000A}{}% 52
\BOOKMARK [1][-]{section.14.1}{\376\377\330\074\337\244\000\040\000S\000Q\000L}{chapter.14}% 53
\BOOKMARK [1][-]{section.14.2}{\376\377\330\074\337\244\000\040\000\315\000n\000d\000i\000c\000e\000s\000\040\000y\000\040\000r\000e\000n\000d\000i\000m\000i\000e\000n\000t\000o}{chapter.14}% 54
\BOOKMARK [1][-]{section.14.3}{\376\377\330\074\337\244\000\040\000T\000r\000a\000n\000s\000a\000c\000c\000i\000o\000n\000e\000s\000\040\000y\000\040\000c\000o\000n\000c\000u\000r\000r\000e\000n\000c\000i\000a}{chapter.14}% 55
\BOOKMARK [1][-]{section.14.4}{\376\377\330\074\337\244\000\040\000M\000o\000d\000e\000l\000a\000d\000o\000\040\000y\000\040\000d\000i\000s\000e\000\361\000o}{chapter.14}% 56
\BOOKMARK [1][-]{section.14.5}{\376\377\330\074\337\244\000\040\000N\000o\000S\000Q\000L\000\040\000y\000\040\000a\000r\000q\000u\000i\000t\000e\000c\000t\000u\000r\000a\000\040\000d\000i\000s\000t\000r\000i\000b\000u\000i\000d\000a}{chapter.14}% 57
\BOOKMARK [1][-]{section.14.6}{\376\377\330\074\337\244\000\040\000A\000d\000m\000i\000n\000i\000s\000t\000r\000a\000c\000i\000\363\000n\000\040\000y\000\040\000o\000p\000e\000r\000a\000c\000i\000o\000n\000e\000s}{chapter.14}% 58
